{
  abi: '/home/realworldcontracts/0xd3c41c85be295607e8ea5c58487ec5894300ee67/0xd3c41c85be295607e8ea5c58487ec5894300ee67.abi',
  tx: '/home/realworldcontracts/0xd3c41c85be295607e8ea5c58487ec5894300ee67/txs.json',
  output: '/home/realworldcontracts/0xd3c41c85be295607e8ea5c58487ec5894300ee67/tx_decode.json'
}
Installing solc '0.6.12'...
Version '0.6.12' installed.
Switched global version to 0.6.12
Traceback (most recent call last):
  File "/app/invcon/crawler/crawler.py", line 470, in crawl
    generateStorageLayout(sol_file= results["sourcecode_file"], contractName=results["name"], compilerVersion=results["compiler_version"], outStorageFile=results["storageLayout_file"])
  File "/app/invcon/parsing/storageLayout.py", line 198, in main_impl
    compute_storage_layout(compilation_unit)
  File "/app/invcon/parsing/storageLayout.py", line 185, in compute_storage_layout
    compute_type_info(var.type, self._type_info, contract)
  File "/app/invcon/parsing/storageLayout.py", line 102, in compute_type_info
    compute_type_info(type_from, _type_info, contract)
  File "/app/invcon/parsing/storageLayout.py", line 150, in compute_type_info
    assert False, type_ + " is currently not supported"
AssertionError: bytes4 is currently not supported
