Traceback (most recent call last):
  File "/app/invcon/crawler/crawler.py", line 96, in getExternalTxHasInternalTransactions
    records = divs[1].find_all("tbody")[0].find_all("tr")
IndexError: list index out of range
Internal message calls (except fallback function): 0
{
  abi: '/home/realworldcontracts/0xA6447f6156EFfD23EC3b57d5edD978349E4e192d/0xA6447f6156EFfD23EC3b57d5edD978349E4e192d.abi',
  tx: '/home/realworldcontracts/0xA6447f6156EFfD23EC3b57d5edD978349E4e192d/txs.json',
  output: '/home/realworldcontracts/0xA6447f6156EFfD23EC3b57d5edD978349E4e192d/tx_decode.json'
}
crawl contract state changes along transactions...
[?25l
|                                        | ▁▃▅ 0/94 [0%] in 0s (~0s, 0.0/s) 
|                                        | ▂▄▆ 0/94 [0%] in 0s (~0s, 0.0/s) 
|                                        | ▃▅▇ 0/94 [0%] in 0s (~0s, 0.0/s) 
|                                        | ▄▆█ 0/94 [0%] in 0s (~0s, 0.0/s) 
|                                        | ▅▇▇ 0/94 [0%] in 0s (~0s, 0.0/s) 
|                                        | ▆█▆ 0/94 [0%] in 1s (~0s, 0.0/s) 
|                                        | ▇▇▅ 0/94 [0%] in 1s (~0s, 0.0/s) 
|                                        | █▆▄ 0/94 [0%] in 1s (~0s, 0.0/s) 
|▍                                       | ▇▅▃ 1/94 [1%] in 1s (~1:10, 1.2/s) 
|▍                                       | ▆▄▂ 1/94 [1%] in 1s (~1:10, 1.2/s) 
|▍                                       | ▅▃▁ 1/94 [1%] in 1s (~1:20, 1.1/s) 
|▉                                       | ▄▂▂ 2/94 [2%] in 1s (~1:20, 1.2/s) 
|▉                                       | ▃▁▃ 2/94 [2%] in 2s (~1:10, 1.2/s) 
|▉                                       | ▂▂▄ 2/94 [2%] in 2s (~1:10, 1.2/s) 
|█▎                                      | ▁▃▅ 3/94 [3%] in 2s (~1:10, 1.3/s) 
|█▎                                      | ▂▄▆ 3/94 [3%] in 2s (~1:10, 1.3/s) 
|█▎                                      | ▃▅▇ 3/94 [3%] in 2s (~1:10, 1.3/s) 
|█▊                                      | ▄▆█ 4/94 [4%] in 3s (~1:00, 1.4/s) 
|█▊                                      | ▅▇▇ 4/94 [4%] in 3s (~1:00, 1.4/s) 
|█▊                                      | ▆█▆ 4/94 [4%] in 3s (~1:00, 1.4/s) 
|█▊                                      | ▇▇▅ 4/94 [4%] in 3s (~1:00, 1.4/s) 
|██▏                                     | █▆▄ 5/94 [5%] in 3s (~1:00, 1.4/s) 
|██▏                                     | ▇▅▃ 5/94 [5%] in 3s (~1:00, 1.4/s) 
|██▏                                     | ▆▄▂ 5/94 [5%] in 4s (~1:00, 1.4/s) 
|██▌                                     | ▅▃▁ 6/94 [6%] in 4s (~1:00, 1.5/s) 
|██▌                                     | ▄▂▂ 6/94 [6%] in 4s (~1:00, 1.5/s) 
|██▌                                     | ▃▁▃ 6/94 [6%] in 4s (~59s, 1.5/s) [K
|██▌                                     | ▂▂▄ 6/94 [6%] in 4s (~1:00, 1.5/s) 
|███                                     | ▁▃▅ 7/94 [7%] in 4s (~59s, 1.5/s) [K
|███                                     | ▂▄▆ 7/94 [7%] in 5s (~58s, 1.5/s) 
|███                                     | ▃▅▇ 7/94 [7%] in 5s (~58s, 1.5/s) 
|███                                     | ▄▆█ 7/94 [7%] in 5s (~59s, 1.5/s) 
|███▍                                    | ▅▇▇ 8/94 [9%] in 5s (~58s, 1.5/s) 
|███▍                                    | ▆█▆ 8/94 [9%] in 5s (~58s, 1.5/s) 
|███▍                                    | ▇▇▅ 8/94 [9%] in 5s (~58s, 1.5/s) 
|███▍                                    | █▆▄ 8/94 [9%] in 6s (~58s, 1.5/s) 
|███▉                                    | ▇▅▃ 9/94 [10%] in 6s (~58s, 1.5/s) 
|███▉                                    | ▆▄▂ 9/94 [10%] in 6s (~57s, 1.5/s) 
|███▉                                    | ▅▃▁ 9/94 [10%] in 6s (~57s, 1.5/s) 
|███▉                                    | ▄▂▂ 9/94 [10%] in 6s (~58s, 1.5/s) 
|███▉                                    | ▃▁▃ 9/94 [10%] in 7s (~58s, 1.4/s) 
|████▎                                   | ▂▂▄ 10/94 [11%] in 7s (~58s, 1.5/s) 
|████▎                                   | ▁▃▅ 10/94 [11%] in 7s (~58s, 1.5/s) 
|████▎                                   | ▂▄▆ 10/94 [11%] in 7s (~58s, 1.4/s) 
|████▎                                   | ▃▅▇ 10/94 [11%] in 7s (~58s, 1.4/s) 
|████▎                                   | ▄▆█ 10/94 [11%] in 7s (~59s, 1.4/s) 
|████▋                                   | ▅▇▇ 11/94 [12%] in 8s (~59s, 1.4/s) 
|████▋                                   | ▆█▆ 11/94 [12%] in 8s (~59s, 1.4/s) 
|████▋                                   | ▇▇▅ 11/94 [12%] in 8s (~59s, 1.4/s) 
|████▋                                   | █▆▄ 11/94 [12%] in 8s (~59s, 1.4/s) 
|█████▏                                  | ▇▅▃ 12/94 [13%] in 8s (~59s, 1.4/s) 
|█████▏                                  | ▆▄▂ 12/94 [13%] in 8s (~58s, 1.4/s) 
|█████▏                                  | ▅▃▁ 12/94 [13%] in 9s (~58s, 1.4/s) 
|█████▌                                  | ▄▂▂ 13/94 [14%] in 9s (~57s, 1.4/s) 
|█████▌                                  | ▃▁▃ 13/94 [14%] in 9s (~57s, 1.4/s) 
|██████                                  | ▂▂▄ 14/94 [15%] in 9s (~56s, 1.5/s) 
|██████                                  | ▁▃▅ 14/94 [15%] in 9s (~55s, 1.5/s) 
|██████                                  | ▂▄▆ 14/94 [15%] in 9s (~55s, 1.5/s) 
|██████▍                                 | ▃▅▇ 15/94 [16%] in 10s (~54s, 1.5/s) 
|██████▍                                 | ▄▆█ 15/94 [16%] in 10s (~53s, 1.5/s) 
|██████▍                                 | ▅▇▇ 15/94 [16%] in 10s (~53s, 1.5/s) 
|██████▊                                 | ▆█▆ 16/94 [17%] in 10s (~52s, 1.5/s) 
|██████▊                                 | ▇▇▅ 16/94 [17%] in 10s (~51s, 1.5/s) 
|██████▊                                 | █▆▄ 16/94 [17%] in 11s (~51s, 1.5/s) 
|███████▎                                | ▇▅▃ 17/94 [18%] in 11s (~51s, 1.5/s) 
|███████▎                                | ▆▄▂ 17/94 [18%] in 11s (~50s, 1.6/s) 
|███████▎                                | ▅▃▁ 17/94 [18%] in 11s (~50s, 1.5/s) 
|███████▋                                | ▄▂▂ 18/94 [19%] in 11s (~49s, 1.6/s) 
|███████▋                                | ▃▁▃ 18/94 [19%] in 11s (~49s, 1.6/s) 
|████████▏                               | ▂▂▄ 19/94 [20%] in 12s (~48s, 1.6/s) 
|████████▏                               | ▁▃▅ 19/94 [20%] in 12s (~47s, 1.6/s) 
|████████▏                               | ▂▄▆ 19/94 [20%] in 12s (~47s, 1.6/s) 
|████████▏                               | ▃▅▇ 19/94 [20%] in 12s (~47s, 1.6/s) 
|████████▌                               | ▄▆█ 20/94 [21%] in 12s (~47s, 1.6/s) 
|████████▌                               | ▅▇▇ 20/94 [21%] in 12s (~46s, 1.6/s) 
|████████▌                               | ▆█▆ 20/94 [21%] in 13s (~46s, 1.6/s) 
|████████▉                               | ▇▇▅ 21/94 [22%] in 13s (~46s, 1.6/s) 
|████████▉                               | █▆▄ 21/94 [22%] in 13s (~45s, 1.6/s) 
|████████▉                               | ▇▅▃ 21/94 [22%] in 13s (~45s, 1.6/s) 
|█████████▍                              | ▆▄▂ 22/94 [23%] in 13s (~45s, 1.6/s) 
|█████████▍                              | ▅▃▁ 22/94 [23%] in 13s (~44s, 1.6/s) 
|█████████▍                              | ▄▂▂ 22/94 [23%] in 14s (~44s, 1.6/s) 
|█████████▊                              | ▃▁▃ 23/94 [24%] in 14s (~44s, 1.6/s) 
|█████████▊                              | ▂▂▄ 23/94 [24%] in 14s (~43s, 1.6/s) 
|█████████▊                              | ▁▃▅ 23/94 [24%] in 14s (~43s, 1.6/s) 
|██████████▎                             | ▂▄▆ 24/94 [26%] in 14s (~43s, 1.7/s) 
|██████████▎                             | ▃▅▇ 24/94 [26%] in 14s (~42s, 1.7/s) 
|██████████▎                             | ▄▆█ 24/94 [26%] in 15s (~42s, 1.7/s) 
|██████████▋                             | ▅▇▇ 25/94 [27%] in 15s (~42s, 1.7/s) 
|██████████▋                             | ▆█▆ 25/94 [27%] in 15s (~42s, 1.7/s) 
|██████████▋                             | ▇▇▅ 25/94 [27%] in 15s (~41s, 1.7/s) 
|███████████▏                            | █▆▄ 26/94 [28%] in 15s (~41s, 1.7/s) 
|███████████▏                            | ▇▅▃ 26/94 [28%] in 15s (~41s, 1.7/s) 
|███████████▏                            | ▆▄▂ 26/94 [28%] in 16s (~41s, 1.7/s) 
|███████████▌                            | ▅▃▁ 27/94 [29%] in 16s (~40s, 1.7/s) 
|███████████▌                            | ▄▂▂ 27/94 [29%] in 16s (~40s, 1.7/s) 
|███████████▌                            | ▃▁▃ 27/94 [29%] in 16s (~40s, 1.7/s) 
|███████████▌                            | ▂▂▄ 27/94 [29%] in 16s (~40s, 1.7/s) 
|███████████▉                            | ▁▃▅ 28/94 [30%] in 16s (~39s, 1.7/s) 
|███████████▉                            | ▂▄▆ 28/94 [30%] in 17s (~39s, 1.7/s) 
|███████████▉                            | ▃▅▇ 28/94 [30%] in 17s (~39s, 1.7/s) 
|████████████▍                           | ▄▆█ 29/94 [31%] in 17s (~39s, 1.7/s) 
|████████████▍                           | ▅▇▇ 29/94 [31%] in 17s (~38s, 1.7/s) 
|████████████▍                           | ▆█▆ 29/94 [31%] in 17s (~38s, 1.7/s) 
|████████████▊                           | ▇▇▅ 30/94 [32%] in 17s (~38s, 1.7/s) 
|████████████▊                           | █▆▄ 30/94 [32%] in 17s (~38s, 1.7/s) 
|████████████▊                           | ▇▅▃ 30/94 [32%] in 18s (~38s, 1.7/s) 
|████████████▊                           | ▆▄▂ 30/94 [32%] in 18s (~38s, 1.7/s) 
|█████████████▎                          | ▅▃▁ 31/94 [33%] in 18s (~37s, 1.7/s) 
|█████████████▎                          | ▄▂▂ 31/94 [33%] in 18s (~37s, 1.7/s) 
|█████████████▎                          | ▃▁▃ 31/94 [33%] in 18s (~37s, 1.7/s) 
|█████████████▋                          | ▂▂▄ 32/94 [34%] in 18s (~37s, 1.7/s) 
|█████████████▋                          | ▁▃▅ 32/94 [34%] in 19s (~36s, 1.7/s) 
|█████████████▋                          | ▂▄▆ 32/94 [34%] in 19s (~36s, 1.7/s) 
|█████████████▋                          | ▃▅▇ 32/94 [34%] in 19s (~36s, 1.7/s) 
|██████████████                          | ▄▆█ 33/94 [35%] in 19s (~36s, 1.7/s) 
|██████████████                          | ▅▇▇ 33/94 [35%] in 19s (~36s, 1.7/s) 
|██████████████                          | ▆█▆ 33/94 [35%] in 19s (~36s, 1.7/s) 
|██████████████▌                         | ▇▇▅ 34/94 [36%] in 20s (~35s, 1.7/s) 
|██████████████▌                         | █▆▄ 34/94 [36%] in 20s (~35s, 1.7/s) 
|██████████████▌                         | ▇▅▃ 34/94 [36%] in 20s (~35s, 1.7/s) 
|██████████████▌                         | ▆▄▂ 34/94 [36%] in 20s (~35s, 1.7/s) 
|██████████████▌                         | ▅▃▁ 34/94 [36%] in 20s (~35s, 1.7/s) 
|██████████████▉                         | ▄▂▂ 35/94 [37%] in 20s (~35s, 1.7/s) 
|██████████████▉                         | ▃▁▃ 35/94 [37%] in 21s (~35s, 1.7/s) 
|██████████████▉                         | ▂▂▄ 35/94 [37%] in 21s (~35s, 1.7/s) 
|███████████████▍                        | ▁▃▅ 36/94 [38%] in 21s (~34s, 1.7/s) 
|███████████████▍                        | ▂▄▆ 36/94 [38%] in 21s (~34s, 1.7/s) 
|███████████████▍                        | ▃▅▇ 36/94 [38%] in 21s (~34s, 1.7/s) 
|███████████████▊                        | ▄▆█ 37/94 [39%] in 21s (~34s, 1.7/s) 
|███████████████▊                        | ▅▇▇ 37/94 [39%] in 22s (~34s, 1.7/s) 
|███████████████▊                        | ▆█▆ 37/94 [39%] in 22s (~33s, 1.7/s) 
|████████████████▏                       | ▇▇▅ 38/94 [40%] in 22s (~33s, 1.7/s) 
|████████████████▏                       | █▆▄ 38/94 [40%] in 22s (~33s, 1.7/s) 
|████████████████▏                       | ▇▅▃ 38/94 [40%] in 22s (~33s, 1.7/s) 
|████████████████▋                       | ▆▄▂ 39/94 [41%] in 22s (~32s, 1.7/s) 
|████████████████▋                       | ▅▃▁ 39/94 [41%] in 23s (~32s, 1.7/s) 
|████████████████▋                       | ▄▂▂ 39/94 [41%] in 23s (~32s, 1.7/s) 
|█████████████████                       | ▃▁▃ 40/94 [43%] in 23s (~32s, 1.7/s) 
|█████████████████                       | ▂▂▄ 40/94 [43%] in 23s (~31s, 1.7/s) 
|█████████████████                       | ▁▃▅ 40/94 [43%] in 23s (~31s, 1.7/s) 
|█████████████████                       | ▂▄▆ 40/94 [43%] in 23s (~31s, 1.7/s) 
|█████████████████▌                      | ▃▅▇ 41/94 [44%] in 24s (~31s, 1.7/s) 
|█████████████████▌                      | ▄▆█ 41/94 [44%] in 24s (~31s, 1.7/s) 
|█████████████████▌                      | ▅▇▇ 41/94 [44%] in 24s (~31s, 1.7/s) 
|█████████████████▉                      | ▆█▆ 42/94 [45%] in 24s (~30s, 1.7/s) 
|█████████████████▉                      | ▇▇▅ 42/94 [45%] in 24s (~30s, 1.7/s) 
|█████████████████▉                      | █▆▄ 42/94 [45%] in 24s (~30s, 1.7/s) 
|█████████████████▉                      | ▇▅▃ 42/94 [45%] in 24s (~30s, 1.7/s) 
|██████████████████▎                     | ▆▄▂ 43/94 [46%] in 25s (~30s, 1.7/s) 
|██████████████████▎                     | ▅▃▁ 43/94 [46%] in 25s (~30s, 1.7/s) 
|██████████████████▎                     | ▄▂▂ 43/94 [46%] in 25s (~30s, 1.7/s) 
|██████████████████▊                     | ▃▁▃ 44/94 [47%] in 25s (~29s, 1.7/s) 
|██████████████████▊                     | ▂▂▄ 44/94 [47%] in 25s (~29s, 1.7/s) 
|██████████████████▊                     | ▁▃▅ 44/94 [47%] in 25s (~29s, 1.7/s) 
|███████████████████▏                    | ▂▄▆ 45/94 [48%] in 26s (~29s, 1.7/s) 
|███████████████████▏                    | ▃▅▇ 45/94 [48%] in 26s (~28s, 1.7/s) 
|███████████████████▏                    | ▄▆█ 45/94 [48%] in 26s (~28s, 1.7/s) 
|███████████████████▏                    | ▅▇▇ 45/94 [48%] in 26s (~28s, 1.7/s) 
|███████████████████▋                    | ▆█▆ 46/94 [49%] in 26s (~28s, 1.7/s) 
|███████████████████▋                    | ▇▇▅ 46/94 [49%] in 26s (~28s, 1.7/s) 
|███████████████████▋                    | █▆▄ 46/94 [49%] in 27s (~28s, 1.7/s) 
|████████████████████                    | ▇▅▃ 47/94 [50%] in 27s (~27s, 1.7/s) 
|████████████████████                    | ▆▄▂ 47/94 [50%] in 27s (~27s, 1.7/s) 
|████████████████████                    | ▅▃▁ 47/94 [50%] in 27s (~27s, 1.7/s) 
|████████████████████                    | ▄▂▂ 47/94 [50%] in 27s (~27s, 1.7/s) 
|████████████████████▍                   | ▃▁▃ 48/94 [51%] in 27s (~27s, 1.7/s) 
|████████████████████▍                   | ▂▂▄ 48/94 [51%] in 28s (~27s, 1.7/s) 
|████████████████████▍                   | ▁▃▅ 48/94 [51%] in 28s (~27s, 1.7/s) 
|████████████████████▉                   | ▂▄▆ 49/94 [52%] in 28s (~26s, 1.7/s) 
|████████████████████▉                   | ▃▅▇ 49/94 [52%] in 28s (~26s, 1.7/s) 
|████████████████████▉                   | ▄▆█ 49/94 [52%] in 28s (~26s, 1.7/s) 
|█████████████████████▎                  | ▅▇▇ 50/94 [53%] in 28s (~26s, 1.7/s) 
|█████████████████████▎                  | ▆█▆ 50/94 [53%] in 29s (~25s, 1.7/s) 
|█████████████████████▎                  | ▇▇▅ 50/94 [53%] in 29s (~25s, 1.7/s) 
|█████████████████████▊                  | █▆▄ 51/94 [54%] in 29s (~25s, 1.8/s) 
|█████████████████████▊                  | ▇▅▃ 51/94 [54%] in 29s (~25s, 1.8/s) 
|█████████████████████▊                  | ▆▄▂ 51/94 [54%] in 29s (~25s, 1.8/s) 
|██████████████████████▏                 | ▅▃▁ 52/94 [55%] in 29s (~24s, 1.8/s) 
|██████████████████████▏                 | ▄▂▂ 52/94 [55%] in 30s (~24s, 1.8/s) 
|██████████████████████▏                 | ▃▁▃ 52/94 [55%] in 30s (~24s, 1.8/s) 
|██████████████████████▏                 | ▂▂▄ 52/94 [55%] in 30s (~24s, 1.8/s) 
|██████████████████████▌                 | ▁▃▅ 53/94 [56%] in 30s (~24s, 1.8/s) 
|██████████████████████▌                 | ▂▄▆ 53/94 [56%] in 30s (~23s, 1.8/s) 
|██████████████████████▌                 | ▃▅▇ 53/94 [56%] in 30s (~23s, 1.8/s) 
|███████████████████████                 | ▄▆█ 54/94 [57%] in 30s (~23s, 1.8/s) 
|███████████████████████                 | ▅▇▇ 54/94 [57%] in 31s (~23s, 1.8/s) 
|███████████████████████                 | ▆█▆ 54/94 [57%] in 31s (~23s, 1.8/s) 
|███████████████████████▍                | ▇▇▅ 55/94 [59%] in 31s (~22s, 1.8/s) 
|███████████████████████▍                | █▆▄ 55/94 [59%] in 31s (~22s, 1.8/s) 
|███████████████████████▍                | ▇▅▃ 55/94 [59%] in 31s (~22s, 1.8/s) 
|███████████████████████▍                | ▆▄▂ 55/94 [59%] in 31s (~22s, 1.8/s) 
|███████████████████████▉                | ▅▃▁ 56/94 [60%] in 32s (~22s, 1.8/s) 
|███████████████████████▉                | ▄▂▂ 56/94 [60%] in 32s (~22s, 1.8/s) 
|███████████████████████▉                | ▃▁▃ 56/94 [60%] in 32s (~22s, 1.8/s) 
|████████████████████████▎               | ▂▂▄ 57/94 [61%] in 32s (~21s, 1.8/s) 
|████████████████████████▎               | ▁▃▅ 57/94 [61%] in 32s (~21s, 1.8/s) 
|████████████████████████▎               | ▂▄▆ 57/94 [61%] in 32s (~21s, 1.8/s) 
|████████████████████████▋               | ▃▅▇ 58/94 [62%] in 33s (~21s, 1.8/s) 
|████████████████████████▋               | ▄▆█ 58/94 [62%] in 33s (~21s, 1.8/s) 
|████████████████████████▋               | ▅▇▇ 58/94 [62%] in 33s (~20s, 1.8/s) 
|█████████████████████████▏              | ▆█▆ 59/94 [63%] in 33s (~20s, 1.8/s) 
|█████████████████████████▏              | ▇▇▅ 59/94 [63%] in 33s (~20s, 1.8/s) 
|█████████████████████████▏              | █▆▄ 59/94 [63%] in 33s (~20s, 1.8/s) 
|█████████████████████████▏              | ▇▅▃ 59/94 [63%] in 34s (~20s, 1.8/s) 
|█████████████████████████▌              | ▆▄▂ 60/94 [64%] in 34s (~20s, 1.8/s) 
|█████████████████████████▌              | ▅▃▁ 60/94 [64%] in 34s (~19s, 1.8/s) 
|█████████████████████████▌              | ▄▂▂ 60/94 [64%] in 34s (~19s, 1.8/s) 
|██████████████████████████              | ▃▁▃ 61/94 [65%] in 34s (~19s, 1.8/s) 
|██████████████████████████              | ▂▂▄ 61/94 [65%] in 34s (~19s, 1.8/s) 
|██████████████████████████              | ▁▃▅ 61/94 [65%] in 35s (~19s, 1.8/s) 
|██████████████████████████▍             | ▂▄▆ 62/94 [66%] in 35s (~18s, 1.8/s) 
|██████████████████████████▍             | ▃▅▇ 62/94 [66%] in 35s (~18s, 1.8/s) 
|██████████████████████████▍             | ▄▆█ 62/94 [66%] in 35s (~18s, 1.8/s) 
|██████████████████████████▊             | ▅▇▇ 63/94 [67%] in 35s (~18s, 1.8/s) 
|██████████████████████████▊             | ▆█▆ 63/94 [67%] in 35s (~18s, 1.8/s) 
|██████████████████████████▊             | ▇▇▅ 63/94 [67%] in 35s (~17s, 1.8/s) 
|███████████████████████████▎            | █▆▄ 64/94 [68%] in 36s (~17s, 1.8/s) 
|███████████████████████████▎            | ▇▅▃ 64/94 [68%] in 36s (~17s, 1.8/s) 
|███████████████████████████▎            | ▆▄▂ 64/94 [68%] in 36s (~17s, 1.8/s) 
|███████████████████████████▎            | ▅▃▁ 64/94 [68%] in 36s (~17s, 1.8/s) 
|███████████████████████████▋            | ▄▂▂ 65/94 [69%] in 36s (~17s, 1.8/s) 
|███████████████████████████▋            | ▃▁▃ 65/94 [69%] in 36s (~16s, 1.8/s) 
|███████████████████████████▋            | ▂▂▄ 65/94 [69%] in 37s (~16s, 1.8/s) 
|████████████████████████████▏           | ▁▃▅ 66/94 [70%] in 37s (~16s, 1.8/s) 
|████████████████████████████▏           | ▂▄▆ 66/94 [70%] in 37s (~16s, 1.8/s) 
|████████████████████████████▏           | ▃▅▇ 66/94 [70%] in 37s (~16s, 1.8/s) 
|████████████████████████████▌           | ▄▆█ 67/94 [71%] in 37s (~15s, 1.8/s) 
|████████████████████████████▌           | ▅▇▇ 67/94 [71%] in 37s (~15s, 1.8/s) 
|████████████████████████████▌           | ▆█▆ 67/94 [71%] in 38s (~15s, 1.8/s) 
|████████████████████████████▌           | ▇▇▅ 67/94 [71%] in 38s (~15s, 1.8/s) 
|████████████████████████████▉           | █▆▄ 68/94 [72%] in 38s (~15s, 1.8/s) 
|████████████████████████████▉           | ▇▅▃ 68/94 [72%] in 38s (~15s, 1.8/s) 
|████████████████████████████▉           | ▆▄▂ 68/94 [72%] in 38s (~15s, 1.8/s) 
|█████████████████████████████▍          | ▅▃▁ 69/94 [73%] in 38s (~14s, 1.8/s) 
|█████████████████████████████▍          | ▄▂▂ 69/94 [73%] in 39s (~14s, 1.8/s) 
|█████████████████████████████▍          | ▃▁▃ 69/94 [73%] in 39s (~14s, 1.8/s) 
|█████████████████████████████▊          | ▂▂▄ 70/94 [74%] in 39s (~14s, 1.8/s) 
|█████████████████████████████▊          | ▁▃▅ 70/94 [74%] in 39s (~14s, 1.8/s) 
|██████████████████████████████▎         | ▂▄▆ 71/94 [76%] in 39s (~13s, 1.8/s) 
|██████████████████████████████▎         | ▃▅▇ 71/94 [76%] in 39s (~13s, 1.8/s) 
|██████████████████████████████▎         | ▄▆█ 71/94 [76%] in 39s (~13s, 1.8/s) 
|██████████████████████████████▎         | ▅▇▇ 71/94 [76%] in 40s (~13s, 1.8/s) 
|██████████████████████████████▋         | ▆█▆ 72/94 [77%] in 40s (~13s, 1.8/s) 
|██████████████████████████████▋         | ▇▇▅ 72/94 [77%] in 40s (~12s, 1.8/s) 
|██████████████████████████████▋         | █▆▄ 72/94 [77%] in 40s (~12s, 1.8/s) 
|███████████████████████████████▏        | ▇▅▃ 73/94 [78%] in 40s (~12s, 1.8/s) 
|███████████████████████████████▏        | ▆▄▂ 73/94 [78%] in 40s (~12s, 1.8/s) 
|███████████████████████████████▏        | ▅▃▁ 73/94 [78%] in 41s (~12s, 1.8/s) 
|███████████████████████████████▌        | ▄▂▂ 74/94 [79%] in 41s (~11s, 1.8/s) 
|███████████████████████████████▌        | ▃▁▃ 74/94 [79%] in 41s (~11s, 1.8/s) 
|███████████████████████████████▌        | ▂▂▄ 74/94 [79%] in 41s (~11s, 1.8/s) 
|███████████████████████████████▉        | ▁▃▅ 75/94 [80%] in 41s (~11s, 1.8/s) 
|███████████████████████████████▉        | ▂▄▆ 75/94 [80%] in 41s (~11s, 1.8/s) 
|███████████████████████████████▉        | ▃▅▇ 75/94 [80%] in 42s (~11s, 1.8/s) 
|███████████████████████████████▉        | ▄▆█ 75/94 [80%] in 42s (~11s, 1.8/s) 
|████████████████████████████████▍       | ▅▇▇ 76/94 [81%] in 42s (~10s, 1.8/s) 
|████████████████████████████████▍       | ▆█▆ 76/94 [81%] in 42s (~10s, 1.8/s) 
|████████████████████████████████▍       | ▇▇▅ 76/94 [81%] in 42s (~10s, 1.8/s) 
|████████████████████████████████▍       | █▆▄ 76/94 [81%] in 42s (~10s, 1.8/s) 
|████████████████████████████████▊       | ▇▅▃ 77/94 [82%] in 42s (~10s, 1.8/s) 
|████████████████████████████████▊       | ▆▄▂ 77/94 [82%] in 43s (~10s, 1.8/s) 
|████████████████████████████████▊       | ▅▃▁ 77/94 [82%] in 43s (~9s, 1.8/s) [K
|█████████████████████████████████▎      | ▄▂▂ 78/94 [83%] in 43s (~9s, 1.8/s) 
|█████████████████████████████████▎      | ▃▁▃ 78/94 [83%] in 43s (~9s, 1.8/s) 
|█████████████████████████████████▎      | ▂▂▄ 78/94 [83%] in 43s (~9s, 1.8/s) 
|█████████████████████████████████▎      | ▁▃▅ 78/94 [83%] in 43s (~9s, 1.8/s) 
|█████████████████████████████████▋      | ▂▄▆ 79/94 [84%] in 44s (~9s, 1.8/s) 
|█████████████████████████████████▋      | ▃▅▇ 79/94 [84%] in 44s (~8s, 1.8/s) 
|█████████████████████████████████▋      | ▄▆█ 79/94 [84%] in 44s (~8s, 1.8/s) 
|█████████████████████████████████▋      | ▅▇▇ 79/94 [84%] in 44s (~8s, 1.8/s) 
|██████████████████████████████████      | ▆█▆ 80/94 [85%] in 44s (~8s, 1.8/s) 
|██████████████████████████████████      | ▇▇▅ 80/94 [85%] in 44s (~8s, 1.8/s) 
|██████████████████████████████████      | █▆▄ 80/94 [85%] in 45s (~8s, 1.8/s) 
|██████████████████████████████████      | ▇▅▃ 80/94 [85%] in 45s (~8s, 1.8/s) 
|██████████████████████████████████      | ▆▄▂ 80/94 [85%] in 45s (~8s, 1.8/s) 
|██████████████████████████████████▌     | ▅▃▁ 81/94 [86%] in 45s (~8s, 1.8/s) 
|██████████████████████████████████▌     | ▄▂▂ 81/94 [86%] in 45s (~7s, 1.8/s) 
|██████████████████████████████████▌     | ▃▁▃ 81/94 [86%] in 45s (~7s, 1.8/s) 
|██████████████████████████████████▌     | ▂▂▄ 81/94 [86%] in 46s (~7s, 1.8/s) 
|██████████████████████████████████▌     | ▁▃▅ 81/94 [86%] in 46s (~7s, 1.8/s) 
|██████████████████████████████████▌     | ▂▄▆ 81/94 [86%] in 46s (~7s, 1.8/s) 
|██████████████████████████████████▌     | ▃▅▇ 81/94 [86%] in 46s (~7s, 1.8/s) 
|██████████████████████████████████▉     | ▄▆█ 82/94 [87%] in 46s (~7s, 1.8/s) 
|██████████████████████████████████▉     | ▅▇▇ 82/94 [87%] in 46s (~7s, 1.8/s) 
|██████████████████████████████████▉     | ▆█▆ 82/94 [87%] in 46s (~7s, 1.8/s) 
|███████████████████████████████████▍    | ▇▇▅ 83/94 [88%] in 47s (~7s, 1.8/s) 
|███████████████████████████████████▍    | █▆▄ 83/94 [88%] in 47s (~6s, 1.8/s) 
|███████████████████████████████████▍    | ▇▅▃ 83/94 [88%] in 47s (~6s, 1.8/s) 
|███████████████████████████████████▊    | ▆▄▂ 84/94 [89%] in 47s (~6s, 1.8/s) 
|███████████████████████████████████▊    | ▅▃▁ 84/94 [89%] in 47s (~6s, 1.8/s) 
|███████████████████████████████████▊    | ▄▂▂ 84/94 [89%] in 47s (~6s, 1.8/s) 
|████████████████████████████████████▏   | ▃▁▃ 85/94 [90%] in 48s (~5s, 1.8/s) 
|████████████████████████████████████▏   | ▂▂▄ 85/94 [90%] in 48s (~5s, 1.8/s) 
|████████████████████████████████████▏   | ▁▃▅ 85/94 [90%] in 48s (~5s, 1.8/s) 
|████████████████████████████████████▏   | ▂▄▆ 85/94 [90%] in 48s (~5s, 1.8/s) 
|████████████████████████████████████▋   | ▃▅▇ 86/94 [91%] in 48s (~5s, 1.8/s) 
|████████████████████████████████████▋   | ▄▆█ 86/94 [91%] in 48s (~5s, 1.8/s) 
|████████████████████████████████████▋   | ▅▇▇ 86/94 [91%] in 49s (~5s, 1.8/s) 
|█████████████████████████████████████   | ▆█▆ 87/94 [93%] in 49s (~4s, 1.8/s) 
|█████████████████████████████████████   | ▇▇▅ 87/94 [93%] in 49s (~4s, 1.8/s) 
|█████████████████████████████████████   | █▆▄ 87/94 [93%] in 49s (~4s, 1.8/s) 
|█████████████████████████████████████   | ▇▅▃ 87/94 [93%] in 49s (~4s, 1.8/s) 
|█████████████████████████████████████   | ▆▄▂ 87/94 [93%] in 49s (~4s, 1.8/s) 
|█████████████████████████████████████▌  | ▅▃▁ 88/94 [94%] in 50s (~4s, 1.8/s) 
|█████████████████████████████████████▌  | ▄▂▂ 88/94 [94%] in 50s (~4s, 1.8/s) 
|█████████████████████████████████████▌  | ▃▁▃ 88/94 [94%] in 50s (~3s, 1.8/s) 
|█████████████████████████████████████▌  | ▂▂▄ 88/94 [94%] in 50s (~3s, 1.8/s) 
|█████████████████████████████████████▉  | ▁▃▅ 89/94 [95%] in 50s (~3s, 1.8/s) 
|█████████████████████████████████████▉  | ▂▄▆ 89/94 [95%] in 50s (~3s, 1.8/s) 
|█████████████████████████████████████▉  | ▃▅▇ 89/94 [95%] in 51s (~3s, 1.8/s) 
|██████████████████████████████████████▎ | ▄▆█ 90/94 [96%] in 51s (~3s, 1.8/s) 
|██████████████████████████████████████▎ | ▅▇▇ 90/94 [96%] in 51s (~2s, 1.8/s) 
|██████████████████████████████████████▎ | ▆█▆ 90/94 [96%] in 51s (~2s, 1.8/s) 
|██████████████████████████████████████▊ | ▇▇▅ 91/94 [97%] in 51s (~2s, 1.8/s) 
|██████████████████████████████████████▊ | █▆▄ 91/94 [97%] in 51s (~2s, 1.8/s) 
|██████████████████████████████████████▊ | ▇▅▃ 91/94 [97%] in 51s (~2s, 1.8/s) 
|██████████████████████████████████████▊ | ▆▄▂ 91/94 [97%] in 52s (~2s, 1.8/s) 
|███████████████████████████████████████▏| ▅▃▁ 92/94 [98%] in 52s (~1s, 1.8/s) 
|███████████████████████████████████████▏| ▄▂▂ 92/94 [98%] in 52s (~1s, 1.8/s) 
|███████████████████████████████████████▏| ▃▁▃ 92/94 [98%] in 52s (~1s, 1.8/s) 
|███████████████████████████████████████▋| ▂▂▄ 93/94 [99%] in 52s (~1s, 1.8/s) 
|███████████████████████████████████████▋| ▁▃▅ 93/94 [99%] in 52s (~1s, 1.8/s) 
|███████████████████████████████████████▋| ▂▄▆ 93/94 [99%] in 53s (~1s, 1.8/s) [?25h[J
|████████████████████████████████████████| 94/94 [100%] in 52.8s (1.77/s) [K
Installing solc '0.8.25'...
Version '0.8.25' installed.
Switched global version to 0.8.25
Traceback (most recent call last):
  File "/usr/local/lib/python3.10/dist-packages/crytic_compile/platform/solc.py", line 581, in _run_solc
    ret: Dict = json.loads(stdout)
  File "/usr/lib/python3.10/json/__init__.py", line 346, in loads
    return _default_decoder.decode(s)
  File "/usr/lib/python3.10/json/decoder.py", line 337, in decode
    obj, end = self.raw_decode(s, idx=_w(s, 0).end())
  File "/usr/lib/python3.10/json/decoder.py", line 355, in raw_decode
    raise JSONDecodeError("Expecting value", s, err.value) from None
json.decoder.JSONDecodeError: Expecting value: line 1 column 1 (char 0)

During handling of the above exception, another exception occurred:

Traceback (most recent call last):
  File "/usr/local/lib/python3.10/dist-packages/slither/slither.py", line 97, in __init__
    crytic_compile = CryticCompile(target, **kwargs)
  File "/usr/local/lib/python3.10/dist-packages/crytic_compile/crytic_compile.py", line 211, in __init__
    self._compile(**kwargs)
  File "/usr/local/lib/python3.10/dist-packages/crytic_compile/crytic_compile.py", line 633, in _compile
    self._platform.compile(self, **kwargs)
  File "/usr/local/lib/python3.10/dist-packages/crytic_compile/platform/solc.py", line 150, in compile
    targets_json = _get_targets_json(compilation_unit, self._target, **kwargs)
  File "/usr/local/lib/python3.10/dist-packages/crytic_compile/platform/solc.py", line 279, in _get_targets_json
    return _run_solc(
  File "/usr/local/lib/python3.10/dist-packages/crytic_compile/platform/solc.py", line 585, in _run_solc
    raise InvalidCompilation(f"Invalid solc compilation {stderr}")
crytic_compile.platform.exceptions.InvalidCompilation: Invalid solc compilation Error: Expected pragma, import directive or contract/interface/library/struct/enum/constant/function/error definition.
 --> /home/realworldcontracts/0xA6447f6156EFfD23EC3b57d5edD978349E4e192d/0xA6447f6156EFfD23EC3b57d5edD978349E4e192d.sol:1:1:
  |
1 | {{
  | ^



During handling of the above exception, another exception occurred:

Traceback (most recent call last):
  File "/app/invcon/crawler/crawler.py", line 470, in crawl
    generateStorageLayout(sol_file= results["sourcecode_file"], contractName=results["name"], compilerVersion=results["compiler_version"], outStorageFile=results["storageLayout_file"])
  File "/app/invcon/parsing/storageLayout.py", line 195, in main_impl
    ss = Slither(sol_file)
  File "/usr/local/lib/python3.10/dist-packages/slither/slither.py", line 101, in __init__
    raise SlitherError(f"Invalid compilation: \n{str(e)}")
slither.exceptions.SlitherError: Invalid compilation: 
Invalid solc compilation Error: Expected pragma, import directive or contract/interface/library/struct/enum/constant/function/error definition.
 --> /home/realworldcontracts/0xA6447f6156EFfD23EC3b57d5edD978349E4e192d/0xA6447f6156EFfD23EC3b57d5edD978349E4e192d.sol:1:1:
  |
1 | {{
  | ^
